11:55:53 **** Incremental Build of configuration Default for project MyProject ****
make all 
[1;34mCompiling main.c[0m
main.c:31:0: warning: "RAND_MAX" redefined
 #define RAND_MAX ((1U<<31)-1)
 
In file included from main.c:2:0:
/home/uos/Documents/e_puck_F/Eclipse_e-puck2/Tools/gcc-arm-none-eabi-7-2017-q4-major/arm-none-eabi/include/stdlib.h:63:0: note: this is the location of the previous definition
 #define RAND_MAX __RAND_MAX
 
[1;34mLinking build/Project_template.elf[0m
[1;34mCreating build/Project_template.hex[0m
[1;34mCreating build/Project_template.bin[0m
[1;34mCreating build/Project_template.dmp[0m

   text	   data	    bss	    dec	    hex	filename
  82644	   3732	  18868	 105244	  19b1c	build/Project_template.elf
[1;34mCreating build/Project_template.list[0m

[1;34mDone[0m

11:55:54 Build Finished. 0 errors, 1 warnings. (took 1s.21ms)

